// Jest Snapshot v1, https://goo.gl/fbAQLP

exports[`It matches snapshot 1`] = `
<DocumentFragment>
  <ul
    class="gif-list"
    role="list"
  />
</DocumentFragment>
`;
